Info: Start Nativelink Simulation process

========= EDA Simulation Settings =====================

Sim Mode              :  Gate
Family                :  maxv
Quartus root          :  c:/intelfpga_lite/22.1std/quartus/bin64/
Quartus sim root      :  c:/intelfpga_lite/22.1std/quartus/eda/sim_lib
Simulation Tool       :  modelsim
Simulation Language   :  vhdl
Version               :  93
Simulation Mode       :  GUI
Sim Output File       :  FinalProject.vho
Sim SDF file          :  FinalProject__vhdl.sdo
Sim dir               :  simulation\modelsim

=======================================================

Info: Starting NativeLink simulation with ModelSim software
Sourced NativeLink script c:/intelfpga_lite/22.1std/quartus/common/tcl/internal/nativelink/modelsim.tcl
Warning: File FinalProject_run_msim_gate_vhdl.do already exists - backing up current file as FinalProject_run_msim_gate_vhdl.do.bak11
Info: Spawning ModelSim Simulation software 
Info: NativeLink simulation flow was successful
